necgp seed sweep -- task=retina_ka2005 operation=xor gates=nand nodes=100 popsize=5 nest_decay=0.5 seeds=0..9 max_generations=300000

  [nest_decay=0.5] gen   10000  score 208.0000  hits 208/256  modules 15  depth_hist {1: 6, 2: 5, 3: 4}
  [nest_decay=0.5] gen   20000  score 224.0000  hits 224/256  modules 17  depth_hist {1: 6, 2: 5, 3: 4, 4: 2}
  [nest_decay=0.5] gen   30000  score 224.0000  hits 224/256  modules 15  depth_hist {1: 6, 2: 5, 3: 2, 4: 2}
  [nest_decay=0.5] gen   40000  score 224.0000  hits 224/256  modules 15  depth_hist {1: 6, 2: 5, 3: 3, 4: 1}
  [nest_decay=0.5] gen   50000  score 232.0000  hits 232/256  modules 16  depth_hist {1: 6, 2: 4, 3: 4, 4: 2}
  [nest_decay=0.5] gen   60000  score 240.0000  hits 240/256  modules 15  depth_hist {1: 6, 2: 3, 3: 5, 4: 1}
  [nest_decay=0.5] gen   70000  score 240.0000  hits 240/256  modules 15  depth_hist {1: 6, 2: 5, 3: 4}
  [nest_decay=0.0] gen   10000  score 196.0000  hits 196/256  modules 7  depth_hist {1: 7}
  [nest_decay=0.0] gen   20000  score 202.0000  hits 202/256  modules 8  depth_hist {1: 8}
  [nest_decay=0.0] gen   30000  score 206.0000  hits 206/256  modules 8  depth_hist {1: 8}
  [nest_decay=0.0] gen   40000  score 206.0000  hits 206/256  modules 8  depth_hist {1: 8}
  [nest_decay=0.0] gen   50000  score 209.0000  hits 209/256  modules 9  depth_hist {1: 9}
  [nest_decay=0.0] gen   60000  score 218.0000  hits 218/256  modules 8  depth_hist {1: 8}
  [nest_decay=0.0] gen   70000  score 232.0000  hits 232/256  modules 10  depth_hist {1: 10}
  [nest_decay=0.0] gen   80000  score 232.0000  hits 232/256  modules 10  depth_hist {1: 10}
  [nest_decay=0.0] gen   90000  score 236.0000  hits 236/256  modules 11  depth_hist {1: 11}
  [nest_decay=0.0] gen  100000  score 236.0000  hits 236/256  modules 11  depth_hist {1: 11}
  [nest_decay=0.0] gen  110000  score 240.0000  hits 240/256  modules 10  depth_hist {1: 10}
seed 0: nested=78134 (155.2s)  flat=115095 (144.2s)  diff=-36961  [299s this pair]
  [nest_decay=0.5] gen   10000  score 170.0000  hits 170/256  modules 13  depth_hist {1: 5, 2: 2, 3: 3, 4: 2, 5: 1}
  [nest_decay=0.5] gen   20000  score 178.0000  hits 178/256  modules 14  depth_hist {1: 5, 2: 3, 3: 3, 4: 1, 5: 2}
  [nest_decay=0.5] gen   30000  score 184.0000  hits 184/256  modules 14  depth_hist {1: 4, 2: 3, 3: 3, 4: 3, 5: 1}
  [nest_decay=0.5] gen   40000  score 220.0000  hits 220/256  modules 18  depth_hist {1: 4, 2: 4, 3: 6, 4: 4}
  [nest_decay=0.5] gen   50000  score 240.0000  hits 240/256  modules 17  depth_hist {1: 4, 2: 5, 3: 5, 4: 2, 5: 1}
  [nest_decay=0.5] gen   60000  score 240.0000  hits 240/256  modules 13  depth_hist {1: 4, 2: 5, 3: 4}
  [nest_decay=0.0] gen   10000  score 205.0000  hits 205/256  modules 8  depth_hist {1: 8}
  [nest_decay=0.0] gen   20000  score 232.0000  hits 232/256  modules 10  depth_hist {1: 10}
  [nest_decay=0.0] gen   30000  score 240.0000  hits 240/256  modules 11  depth_hist {1: 11}
  [nest_decay=0.0] gen   40000  score 240.0000  hits 240/256  modules 12  depth_hist {1: 12}
  [nest_decay=0.0] gen   50000  score 240.0000  hits 240/256  modules 10  depth_hist {1: 10}
seed 1: nested=63938 (117.2s)  flat=55218 (66.3s)  diff=8720  [183s this pair]
  [nest_decay=0.5] gen   10000  score 198.0000  hits 198/256  modules 11  depth_hist {1: 6, 2: 3, 3: 2}
  [nest_decay=0.5] gen   20000  score 218.0000  hits 218/256  modules 11  depth_hist {1: 5, 2: 3, 3: 3}
  [nest_decay=0.0] gen   10000  score 176.0000  hits 176/256  modules 8  depth_hist {1: 8}
  [nest_decay=0.0] gen   20000  score 194.0000  hits 194/256  modules 10  depth_hist {1: 10}
  [nest_decay=0.0] gen   30000  score 200.0000  hits 200/256  modules 11  depth_hist {1: 11}
  [nest_decay=0.0] gen   40000  score 206.0000  hits 206/256  modules 11  depth_hist {1: 11}
  [nest_decay=0.0] gen   50000  score 213.0000  hits 213/256  modules 11  depth_hist {1: 11}
  [nest_decay=0.0] gen   60000  score 240.0000  hits 240/256  modules 10  depth_hist {1: 10}
  [nest_decay=0.0] gen   70000  score 240.0000  hits 240/256  modules 10  depth_hist {1: 10}
  [nest_decay=0.0] gen   80000  score 248.0000  hits 248/256  modules 9  depth_hist {1: 9}
  [nest_decay=0.0] gen   90000  score 248.0000  hits 248/256  modules 10  depth_hist {1: 10}
  [nest_decay=0.0] gen  100000  score 248.0000  hits 248/256  modules 10  depth_hist {1: 10}
  [nest_decay=0.0] gen  110000  score 248.0000  hits 248/256  modules 10  depth_hist {1: 10}
seed 2: nested=29551 (51.4s)  flat=113118 (131.8s)  diff=-83567  [183s this pair]
  [nest_decay=0.5] gen   10000  score 240.0000  hits 240/256  modules 8  depth_hist {1: 5, 2: 2, 3: 1}
  [nest_decay=0.0] gen   10000  score 192.0000  hits 192/256  modules 9  depth_hist {1: 9}
seed 3: nested=15662 (27.7s)  flat=14933 (18.3s)  diff=729  [46s this pair]
  [nest_decay=0.5] gen   10000  score 200.0000  hits 200/256  modules 8  depth_hist {1: 4, 2: 4}
  [nest_decay=0.5] gen   20000  score 204.0000  hits 204/256  modules 9  depth_hist {1: 4, 2: 5}
  [nest_decay=0.5] gen   30000  score 209.0000  hits 209/256  modules 12  depth_hist {1: 4, 2: 5, 3: 3}
  [nest_decay=0.5] gen   40000  score 212.0000  hits 212/256  modules 13  depth_hist {1: 5, 2: 7, 3: 1}
  [nest_decay=0.5] gen   50000  score 212.0000  hits 212/256  modules 15  depth_hist {1: 4, 2: 8, 3: 3}
  [nest_decay=0.5] gen   60000  score 220.0000  hits 220/256  modules 18  depth_hist {1: 4, 2: 8, 3: 6}
  [nest_decay=0.5] gen   70000  score 224.0000  hits 224/256  modules 15  depth_hist {1: 4, 2: 8, 3: 3}
  [nest_decay=0.5] gen   80000  score 224.0000  hits 224/256  modules 14  depth_hist {1: 4, 2: 8, 3: 2}
  [nest_decay=0.5] gen   90000  score 228.0000  hits 228/256  modules 15  depth_hist {1: 4, 2: 7, 3: 3, 4: 1}
  [nest_decay=0.0] gen   10000  score 186.0000  hits 186/256  modules 8  depth_hist {1: 8}
  [nest_decay=0.0] gen   20000  score 195.0000  hits 195/256  modules 8  depth_hist {1: 8}
  [nest_decay=0.0] gen   30000  score 207.0000  hits 207/256  modules 8  depth_hist {1: 8}
  [nest_decay=0.0] gen   40000  score 220.0000  hits 220/256  modules 8  depth_hist {1: 8}
  [nest_decay=0.0] gen   50000  score 220.0000  hits 220/256  modules 8  depth_hist {1: 8}
  [nest_decay=0.0] gen   60000  score 240.0000  hits 240/256  modules 8  depth_hist {1: 8}
  [nest_decay=0.0] gen   70000  score 248.0000  hits 248/256  modules 8  depth_hist {1: 8}
  [nest_decay=0.0] gen   80000  score 248.0000  hits 248/256  modules 8  depth_hist {1: 8}
  [nest_decay=0.0] gen   90000  score 248.0000  hits 248/256  modules 9  depth_hist {1: 9}
  [nest_decay=0.0] gen  100000  score 248.0000  hits 248/256  modules 10  depth_hist {1: 10}
  [nest_decay=0.0] gen  110000  score 248.0000  hits 248/256  modules 10  depth_hist {1: 10}
seed 4: nested=99051 (292.3s)  flat=113179 (396.2s)  diff=-14128  [688s this pair]
  [nest_decay=0.5] gen   10000  score 192.0000  hits 192/256  modules 8  depth_hist {1: 3, 2: 5}
  [nest_decay=0.5] gen   20000  score 199.0000  hits 199/256  modules 15  depth_hist {1: 4, 2: 5, 3: 5, 4: 1}
  [nest_decay=0.5] gen   30000  score 216.0000  hits 216/256  modules 13  depth_hist {1: 2, 2: 5, 3: 5, 4: 1}
  [nest_decay=0.5] gen   40000  score 218.0000  hits 218/256  modules 14  depth_hist {1: 2, 2: 6, 3: 4, 4: 2}
  [nest_decay=0.5] gen   50000  score 240.0000  hits 240/256  modules 14  depth_hist {1: 3, 2: 6, 3: 3, 4: 2}
  [nest_decay=0.0] gen   10000  score 199.0000  hits 199/256  modules 4  depth_hist {1: 4}
  [nest_decay=0.0] gen   20000  score 209.0000  hits 209/256  modules 5  depth_hist {1: 5}
  [nest_decay=0.0] gen   30000  score 210.0000  hits 210/256  modules 5  depth_hist {1: 5}
  [nest_decay=0.0] gen   40000  score 211.0000  hits 211/256  modules 5  depth_hist {1: 5}
  [nest_decay=0.0] gen   50000  score 213.0000  hits 213/256  modules 5  depth_hist {1: 5}
  [nest_decay=0.0] gen   60000  score 221.0000  hits 221/256  modules 5  depth_hist {1: 5}
  [nest_decay=0.0] gen   70000  score 223.0000  hits 223/256  modules 5  depth_hist {1: 5}
  [nest_decay=0.0] gen   80000  score 223.0000  hits 223/256  modules 6  depth_hist {1: 6}
  [nest_decay=0.0] gen   90000  score 228.0000  hits 228/256  modules 7  depth_hist {1: 7}
  [nest_decay=0.0] gen  100000  score 230.0000  hits 230/256  modules 7  depth_hist {1: 7}
  [nest_decay=0.0] gen  110000  score 230.0000  hits 230/256  modules 7  depth_hist {1: 7}
  [nest_decay=0.0] gen  120000  score 235.0000  hits 235/256  modules 7  depth_hist {1: 7}
  [nest_decay=0.0] gen  130000  score 237.0000  hits 237/256  modules 7  depth_hist {1: 7}
  [nest_decay=0.0] gen  140000  score 241.0000  hits 241/256  modules 8  depth_hist {1: 8}
  [nest_decay=0.0] gen  150000  score 243.0000  hits 243/256  modules 8  depth_hist {1: 8}
  [nest_decay=0.0] gen  160000  score 244.0000  hits 244/256  modules 7  depth_hist {1: 7}
  [nest_decay=0.0] gen  170000  score 250.0000  hits 250/256  modules 7  depth_hist {1: 7}
  [nest_decay=0.0] gen  180000  score 250.0000  hits 250/256  modules 7  depth_hist {1: 7}
  [nest_decay=0.0] gen  190000  score 250.0000  hits 250/256  modules 7  depth_hist {1: 7}
  [nest_decay=0.0] gen  200000  score 250.0000  hits 250/256  modules 8  depth_hist {1: 8}
  [nest_decay=0.0] gen  210000  score 250.0000  hits 250/256  modules 9  depth_hist {1: 9}
  [nest_decay=0.0] gen  220000  score 250.0000  hits 250/256  modules 9  depth_hist {1: 9}
  [nest_decay=0.0] gen  230000  score 250.0000  hits 250/256  modules 9  depth_hist {1: 9}
  [nest_decay=0.0] gen  240000  score 250.0000  hits 250/256  modules 9  depth_hist {1: 9}
  [nest_decay=0.0] gen  250000  score 252.0000  hits 252/256  modules 9  depth_hist {1: 9}
  [nest_decay=0.0] gen  260000  score 252.0000  hits 252/256  modules 9  depth_hist {1: 9}
  [nest_decay=0.0] gen  270000  score 252.0000  hits 252/256  modules 9  depth_hist {1: 9}
  [nest_decay=0.0] gen  280000  score 254.0000  hits 254/256  modules 9  depth_hist {1: 9}
  [nest_decay=0.0] gen  290000  score 254.0000  hits 254/256  modules 9  depth_hist {1: 9}
  [nest_decay=0.0] gen  300000  score 254.0000  hits 254/256  modules 9  depth_hist {1: 9}
seed 5: nested=55186 (390.0s)  flat=None (758.8s)  diff=NA  [1149s this pair]
  [nest_decay=0.5] gen   10000  score 198.0000  hits 198/256  modules 12  depth_hist {1: 4, 2: 5, 3: 3}
  [nest_decay=0.5] gen   20000  score 206.0000  hits 206/256  modules 11  depth_hist {1: 4, 2: 4, 3: 3}
  [nest_decay=0.5] gen   30000  score 232.0000  hits 232/256  modules 15  depth_hist {1: 4, 2: 7, 3: 4}
  [nest_decay=0.5] gen   40000  score 232.0000  hits 232/256  modules 13  depth_hist {1: 4, 2: 6, 3: 3}
  [nest_decay=0.5] gen   50000  score 232.0000  hits 232/256  modules 13  depth_hist {1: 4, 2: 6, 3: 3}
  [nest_decay=0.5] gen   60000  score 240.0000  hits 240/256  modules 14  depth_hist {1: 4, 2: 5, 3: 5}
  [nest_decay=0.5] gen   70000  score 240.0000  hits 240/256  modules 15  depth_hist {1: 4, 2: 6, 3: 4, 4: 1}
  [nest_decay=0.5] gen   80000  score 248.0000  hits 248/256  modules 14  depth_hist {1: 4, 2: 6, 3: 4}
  [nest_decay=0.5] gen   90000  score 250.0000  hits 250/256  modules 16  depth_hist {1: 4, 2: 7, 3: 4, 4: 1}
  [nest_decay=0.0] gen   10000  score 212.0000  hits 212/256  modules 5  depth_hist {1: 5}
  [nest_decay=0.0] gen   20000  score 212.0000  hits 212/256  modules 7  depth_hist {1: 7}
  [nest_decay=0.0] gen   30000  score 224.0000  hits 224/256  modules 9  depth_hist {1: 9}
  [nest_decay=0.0] gen   40000  score 232.0000  hits 232/256  modules 9  depth_hist {1: 9}
  [nest_decay=0.0] gen   50000  score 232.0000  hits 232/256  modules 9  depth_hist {1: 9}
  [nest_decay=0.0] gen   60000  score 232.0000  hits 232/256  modules 9  depth_hist {1: 9}
  [nest_decay=0.0] gen   70000  score 240.0000  hits 240/256  modules 9  depth_hist {1: 9}
  [nest_decay=0.0] gen   80000  score 240.0000  hits 240/256  modules 9  depth_hist {1: 9}
  [nest_decay=0.0] gen   90000  score 240.0000  hits 240/256  modules 9  depth_hist {1: 9}
  [nest_decay=0.0] gen  100000  score 240.0000  hits 240/256  modules 9  depth_hist {1: 9}
seed 6: nested=91133 (170.4s)  flat=100681 (103.6s)  diff=-9548  [274s this pair]
  [nest_decay=0.5] gen   10000  score 198.0000  hits 198/256  modules 14  depth_hist {1: 5, 2: 8, 3: 1}
  [nest_decay=0.5] gen   20000  score 203.0000  hits 203/256  modules 13  depth_hist {1: 5, 2: 6, 3: 2}
  [nest_decay=0.5] gen   30000  score 203.0000  hits 203/256  modules 14  depth_hist {1: 5, 2: 7, 3: 2}
  [nest_decay=0.5] gen   40000  score 217.0000  hits 217/256  modules 14  depth_hist {1: 5, 2: 6, 3: 3}
  [nest_decay=0.5] gen   50000  score 221.0000  hits 221/256  modules 15  depth_hist {1: 5, 2: 7, 3: 3}
  [nest_decay=0.5] gen   60000  score 222.0000  hits 222/256  modules 12  depth_hist {1: 5, 2: 6, 3: 1}
  [nest_decay=0.5] gen   70000  score 224.0000  hits 224/256  modules 12  depth_hist {1: 5, 2: 5, 3: 2}
  [nest_decay=0.5] gen   80000  score 226.0000  hits 226/256  modules 16  depth_hist {1: 5, 2: 7, 3: 4}
  [nest_decay=0.5] gen   90000  score 226.0000  hits 226/256  modules 14  depth_hist {1: 5, 2: 7, 3: 2}
  [nest_decay=0.5] gen  100000  score 235.0000  hits 235/256  modules 14  depth_hist {1: 5, 2: 6, 3: 3}
  [nest_decay=0.0] gen   10000  score 200.0000  hits 200/256  modules 6  depth_hist {1: 6}
  [nest_decay=0.0] gen   20000  score 212.0000  hits 212/256  modules 8  depth_hist {1: 8}
  [nest_decay=0.0] gen   30000  score 212.0000  hits 212/256  modules 9  depth_hist {1: 9}
  [nest_decay=0.0] gen   40000  score 219.0000  hits 219/256  modules 9  depth_hist {1: 9}
  [nest_decay=0.0] gen   50000  score 219.0000  hits 219/256  modules 9  depth_hist {1: 9}
  [nest_decay=0.0] gen   60000  score 226.0000  hits 226/256  modules 9  depth_hist {1: 9}
  [nest_decay=0.0] gen   70000  score 234.0000  hits 234/256  modules 9  depth_hist {1: 9}
  [nest_decay=0.0] gen   80000  score 240.0000  hits 240/256  modules 9  depth_hist {1: 9}
  [nest_decay=0.0] gen   90000  score 244.0000  hits 244/256  modules 8  depth_hist {1: 8}
  [nest_decay=0.0] gen  100000  score 244.0000  hits 244/256  modules 9  depth_hist {1: 9}
  [nest_decay=0.0] gen  110000  score 244.0000  hits 244/256  modules 9  depth_hist {1: 9}
seed 7: nested=104420 (184.5s)  flat=113746 (112.2s)  diff=-9326  [297s this pair]
  [nest_decay=0.5] gen   10000  score 194.0000  hits 194/256  modules 14  depth_hist {1: 7, 2: 5, 3: 2}
  [nest_decay=0.5] gen   20000  score 220.0000  hits 220/256  modules 15  depth_hist {1: 6, 2: 8, 3: 1}
  [nest_decay=0.5] gen   30000  score 240.0000  hits 240/256  modules 15  depth_hist {1: 6, 2: 6, 3: 3}
  [nest_decay=0.0] gen   10000  score 206.0000  hits 206/256  modules 8  depth_hist {1: 8}
  [nest_decay=0.0] gen   20000  score 212.0000  hits 212/256  modules 9  depth_hist {1: 9}
  [nest_decay=0.0] gen   30000  score 224.0000  hits 224/256  modules 8  depth_hist {1: 8}
  [nest_decay=0.0] gen   40000  score 224.0000  hits 224/256  modules 9  depth_hist {1: 9}
  [nest_decay=0.0] gen   50000  score 224.0000  hits 224/256  modules 10  depth_hist {1: 10}
  [nest_decay=0.0] gen   60000  score 240.0000  hits 240/256  modules 9  depth_hist {1: 9}
  [nest_decay=0.0] gen   70000  score 248.0000  hits 248/256  modules 9  depth_hist {1: 9}
  [nest_decay=0.0] gen   80000  score 248.0000  hits 248/256  modules 8  depth_hist {1: 8}
  [nest_decay=0.0] gen   90000  score 248.0000  hits 248/256  modules 9  depth_hist {1: 9}
seed 8: nested=36121 (55.1s)  flat=99704 (114.7s)  diff=-63583  [170s this pair]
  [nest_decay=0.5] gen   10000  score 180.0000  hits 180/256  modules 16  depth_hist {1: 5, 2: 8, 3: 2, 4: 1}
  [nest_decay=0.5] gen   20000  score 184.0000  hits 184/256  modules 15  depth_hist {1: 5, 2: 6, 3: 3, 4: 1}
  [nest_decay=0.5] gen   30000  score 192.0000  hits 192/256  modules 13  depth_hist {1: 4, 2: 6, 3: 2, 4: 1}
  [nest_decay=0.5] gen   40000  score 192.0000  hits 192/256  modules 13  depth_hist {1: 3, 2: 6, 3: 2, 4: 1, 5: 1}
  [nest_decay=0.5] gen   50000  score 192.0000  hits 192/256  modules 18  depth_hist {1: 3, 2: 6, 3: 4, 4: 2, 5: 2, 6: 1}
  [nest_decay=0.5] gen   60000  score 192.0000  hits 192/256  modules 17  depth_hist {1: 3, 2: 6, 3: 4, 4: 2, 5: 1, 6: 1}
  [nest_decay=0.5] gen   70000  score 208.0000  hits 208/256  modules 18  depth_hist {1: 3, 2: 6, 3: 3, 4: 4, 5: 1, 6: 1}
  [nest_decay=0.5] gen   80000  score 216.0000  hits 216/256  modules 17  depth_hist {1: 3, 2: 5, 3: 5, 4: 2, 5: 1, 6: 1}
  [nest_decay=0.5] gen   90000  score 240.0000  hits 240/256  modules 17  depth_hist {1: 3, 2: 6, 3: 4, 4: 2, 5: 1, 6: 1}
  [nest_decay=0.5] gen  100000  score 240.0000  hits 240/256  modules 18  depth_hist {1: 3, 2: 7, 3: 4, 4: 1, 5: 1, 6: 2}
  [nest_decay=0.0] gen   10000  score 208.0000  hits 208/256  modules 7  depth_hist {1: 7}
  [nest_decay=0.0] gen   20000  score 240.0000  hits 240/256  modules 10  depth_hist {1: 10}
  [nest_decay=0.0] gen   30000  score 240.0000  hits 240/256  modules 10  depth_hist {1: 10}
  [nest_decay=0.0] gen   40000  score 240.0000  hits 240/256  modules 9  depth_hist {1: 9}
  [nest_decay=0.0] gen   50000  score 240.0000  hits 240/256  modules 9  depth_hist {1: 9}
seed 9: nested=101400 (355.5s)  flat=53594 (78.3s)  diff=47806  [434s this pair]

--- summary across seeds ---
solved pairs: 9/10
nested gens: median 78134  mean 68823.3  stdev 34073.9
flat   gens: median 100681  mean 86585.3  stdev 36295.5
nested faster (fewer gens) in 6/9 seeds (0 ties, 3 flat-faster)
mean paired diff (nested - flat): -17762.0 generations

Wilcoxon signed-rank (paired, nested vs flat gens-to-solve): statistic=10.000  p=0.1641  (NOT significant at alpha=0.05)

wrote per-seed data to C:\Users\raduc\programare\UCL_thesis\experiments\experiment_6\necgp\seed_sweep.csv

